
E:\>cd MS.NET\Fundamentals\Language

E:\MS.NET\Fundamentals\Language>subst s: .

E:\MS.NET\Fundamentals\Language>s:

S:\>md OOP

S:\>cd OOP

S:\OOP>doskey np=notepad $*

S:\OOP>np payroll1.cs

S:\OOP>np derivedclasstest1.cs

S:\OOP>csc derivedclasstest1.cs
Microsoft (R) Visual C# Compiler version 2.10.0.0 (b9fb1610)
Copyright (C) Microsoft Corporation. All rights reserved.

derivedclasstest1.cs(1,7): error CS0246: The type or namespace nam
ayroll' could not be found (are you missing a using directive or a
sembly reference?)

S:\OOP>csc derivedclasstest1.cs payroll1.cs
Microsoft (R) Visual C# Compiler version 2.10.0.0 (b9fb1610)
Copyright (C) Microsoft Corporation. All rights reserved.

payroll1.cs(43,17): warning CS0108: 'SalesPerson.GetIncome()' hide
herited member 'Employee.GetIncome()'. Use the new keyword if hidi
as intended.

S:\OOP>csc derivedclasstest1.cs payroll1.cs
Microsoft (R) Visual C# Compiler version 2.10.0.0 (b9fb1610)
Copyright (C) Microsoft Corporation. All rights reserved.


S:\OOP>csc derivedclasstest1.cs payroll1.cs
Microsoft (R) Visual C# Compiler version 2.10.0.0 (b9fb1610)
Copyright (C) Microsoft Corporation. All rights reserved.


S:\OOP>derivedclasstest1.exe
Jack's ID is 101, Income is 9972.00
Jill's ID is 102, Income is 12372.00

S:\OOP>csc derivedclasstest1.cs payroll1.cs
Microsoft (R) Visual C# Compiler version 2.10.0.0 (b9fb1610)
Copyright (C) Microsoft Corporation. All rights reserved.

derivedclasstest1.cs(20,113): error CS1061: 'Employee' does not co
n a definition for 'GetIncomeTax' and no accessible extension meth
GetIncomeTax' accepting a first argument of type 'Employee' could
ound (are you missing a using directive or an assembly reference?)
derivedclasstest1.cs(21,113): error CS1061: 'SalesPerson' does not
tain a definition for 'GetIncomeTax' and no accessible extension m
d 'GetIncomeTax' accepting a first argument of type 'SalesPerson'
d be found (are you missing a using directive or an assembly refer
?)

S:\OOP>csc derivedclasstest1.cs payroll1.cs
Microsoft (R) Visual C# Compiler version 2.10.0.0 (b9fb1610)
Copyright (C) Microsoft Corporation. All rights reserved.


S:\OOP>derivedclasstest1.exe
Jack's ID is 101, Income is 9972.00 and Tax is 0.00
Jill's ID is 102, Income is 12372.00 and Tax is 0.00

S:\OOP>copy payroll1.cs payroll2.cs
        1 file(s) copied.

S:\OOP>np payroll2.cs

S:\OOP>csc derivedclasstest1.cs payroll2.cs
Microsoft (R) Visual C# Compiler version 2.10.0.0 (b9fb1610)
Copyright (C) Microsoft Corporation. All rights reserved.


S:\OOP>derivedclasstest1.exe
Jack's ID is 101, Income is 9972.00 and Tax is 0.00
Jill's ID is 102, Income is 12372.00 and Tax is 0.00

S:\OOP>csc derivedclasstest1.cs payroll2.cs
Microsoft (R) Visual C# Compiler version 2.10.0.0 (b9fb1610)
Copyright (C) Microsoft Corporation. All rights reserved.


S:\OOP>derivedclasstest1.exe
Jack's ID is 101, Income is 9972.00 and Tax is 0.00
Jill's ID is 102, Income is 12372.00 and Tax is 0.00

S:\OOP>csc derivedclasstest1.cs payroll2.cs
Microsoft (R) Visual C# Compiler version 2.10.0.0 (b9fb1610)
Copyright (C) Microsoft Corporation. All rights reserved.


S:\OOP>derivedclasstest1.exe
Jack's ID is 101, Income is 9972.00 and Tax is 0.00
Jill's ID is 102, Income is 12372.00 and Tax is 355.80

S:\OOP>np derivedclasstest2.cs

S:\OOP>csc derivedclasstest2.cs payroll1.cs
Microsoft (R) Visual C# Compiler version 2.10.0.0 (b9fb1610)
Copyright (C) Microsoft Corporation. All rights reserved.


S:\OOP>derivedclasstest1.cs

S:\OOP>
S:\OOP>
S:\OOP>derivedclasstest1.exe
Jack's ID is 101, Income is 9972.00 and Tax is 0.00
Jill's ID is 102, Income is 12372.00 and Tax is 355.80

S:\OOP>derivedclasstest2.exe
Average Income = 16439.40

S:\OOP>csc derivedclasstest2.cs payroll2.cs
Microsoft (R) Visual C# Compiler version 2.10.0.0 (b9fb1610)
Copyright (C) Microsoft Corporation. All rights reserved.


S:\OOP>derivedclasstest2.exe
Average Income = 17439.40

S:\OOP>csc derivedclasstest2.cs payroll2.cs
Microsoft (R) Visual C# Compiler version 2.10.0.0 (b9fb1610)
Copyright (C) Microsoft Corporation. All rights reserved.


S:\OOP>derivedclasstest2.exe
Average Income = 17439.40
Total Bonus = 2100.00

S:\OOP>csc derivedclasstest2.cs payroll2.cs
Microsoft (R) Visual C# Compiler version 2.10.0.0 (b9fb1610)
Copyright (C) Microsoft Corporation. All rights reserved.


S:\OOP>derivedclasstest2.exe
Average Income = 17439.40
Total Bonus = 2100.00

S:\OOP>csc derivedclasstest2.cs payroll2.cs
Microsoft (R) Visual C# Compiler version 2.10.0.0 (b9fb1610)
Copyright (C) Microsoft Corporation. All rights reserved.

derivedclasstest2.cs(40,15): error CS1061: 'Employee' does not con
 a definition for 'Sales' and no accessible extension method 'Sale
ccepting a first argument of type 'Employee' could be found (are y
issing a using directive or an assembly reference?)

S:\OOP>csc derivedclasstest2.cs payroll2.cs
Microsoft (R) Visual C# Compiler version 2.10.0.0 (b9fb1610)
Copyright (C) Microsoft Corporation. All rights reserved.

derivedclasstest2.cs(40,21): error CS0266: Cannot implicitly conve
ype 'Payroll.Employee' to 'Payroll.SalesPerson'. An explicit conve
n exists (are you missing a cast?)

S:\OOP>csc derivedclasstest2.cs payroll2.cs
Microsoft (R) Visual C# Compiler version 2.10.0.0 (b9fb1610)
Copyright (C) Microsoft Corporation. All rights reserved.


S:\OOP>derivedclasstest2.exe
Average Income = 17439.40
Total Bonus = 2100.00

Unhandled Exception: System.InvalidCastException: Unable to cast o
t of type 'Payroll.Employee' to type 'Payroll.SalesPerson'.
   at Program.GetTotalSales(Employee[] group)
   at Program.Main()

S:\OOP>
S:\OOP>csc derivedclasstest2.cs payroll2.cs
Microsoft (R) Visual C# Compiler version 2.10.0.0 (b9fb1610)
Copyright (C) Microsoft Corporation. All rights reserved.


S:\OOP>derivedclasstest2.exe
Average Income = 17439.40
Total Bonus = 2100.00
Total Sakes = 100000.00

S:\OOP>csc derivedclasstest2.cs payroll2.cs
Microsoft (R) Visual C# Compiler version 2.10.0.0 (b9fb1610)
Copyright (C) Microsoft Corporation. All rights reserved.


S:\OOP>derivedclasstest2.exe
Average Income = 17439.40
Total Bonus = 2100.00
Total Sales = 100000.00

S:\OOP>copy ..\Basics\operatortest.cs interval.cs
        1 file(s) copied.

S:\OOP>np interval.cs

S:\OOP>ildasm derivedclasstest1.exe

S:\OOP>np objequalitytest.cs

S:\OOP>csc objequalitytest.cs interval.cs
Microsoft (R) Visual C# Compiler version 2.10.0.0 (b9fb1610)
Copyright (C) Microsoft Corporation. All rights reserved.

interval.cs(18,36): error CS0103: The name 'Second' does not exist
the current context

S:\OOP>csc objequalitytest.cs interval.cs
Microsoft (R) Visual C# Compiler version 2.10.0.0 (b9fb1610)
Copyright (C) Microsoft Corporation. All rights reserved.


S:\OOP>objequalitytest.exe
Interval instance<1> initialized
Interval instance<2> initialized
Interval instance<3> initialized

S:\OOP>csc objequalitytest.cs interval.cs
Microsoft (R) Visual C# Compiler version 2.10.0.0 (b9fb1610)
Copyright (C) Microsoft Corporation. All rights reserved.


S:\OOP>objequalitytest.exe
Interval instance<1> initialized
Interval instance<2> initialized
Interval instance<3> initialized

S:\OOP>csc objequalitytest.cs interval.cs
Microsoft (R) Visual C# Compiler version 2.10.0.0 (b9fb1610)
Copyright (C) Microsoft Corporation. All rights reserved.


S:\OOP>objequalitytest.exe
Interval instance<1> initialized
Interval instance<2> initialized
Interval instance<3> initialized
Interval a = Interval

S:\OOP>csc objequalitytest.cs interval.cs
Microsoft (R) Visual C# Compiler version 2.10.0.0 (b9fb1610)
Copyright (C) Microsoft Corporation. All rights reserved.

objequalitytest.cs(22,43): error CS1061: 'Interval' does not conta
 definition for 'ToDouble' and no accessible extension method 'ToD
e' accepting a first argument of type 'Interval' could be found (a
ou missing a using directive or an assembly reference?)

S:\OOP>csc objequalitytest.cs interval.cs
Microsoft (R) Visual C# Compiler version 2.10.0.0 (b9fb1610)
Copyright (C) Microsoft Corporation. All rights reserved.


S:\OOP>ildasm c:\Windows\Microsoft.NET\Framework\v4.0.30319\mscorl
ll

S:\OOP>csc objequalitytest.cs interval.cs
Microsoft (R) Visual C# Compiler version 2.10.0.0 (b9fb1610)
Copyright (C) Microsoft Corporation. All rights reserved.


S:\OOP>objequalitytest.exe
Interval instance<1> initialized
Interval instance<2> initialized
Interval instance<3> initialized
Interval a = 5:20

S:\OOP>csc objequalitytest.cs interval.cs
Microsoft (R) Visual C# Compiler version 2.10.0.0 (b9fb1610)
Copyright (C) Microsoft Corporation. All rights reserved.


S:\OOP>objequalitytest.exe
Interval instance<1> initialized
Interval instance<2> initialized
Interval instance<3> initialized
Interval a = 5:20
Interval b = 3:40
Interval c = 5:20
Interval d = 3:40

S:\OOP>
